ALSA_0.9 {
 global:
  snd_seq_port_subscribe_malloc;
  snd_seq_port_subscribe_sizeof;
  snd_seq_port_info_malloc;
  snd_seq_get_any_port_info;
  snd_seq_port_info_free;
  snd_seq_port_info_get_client;
  snd_seq_port_info_get_port;
  snd_seq_port_info_set_client;
  snd_seq_port_info_set_port;
  snd_seq_query_next_port;
  snd_seq_client_info_malloc;
  snd_seq_client_info_set_client;
  snd_seq_query_next_client;
  snd_seq_client_info_get_client;
  snd_seq_client_info_free;
  snd_seq_port_info_get_type;
  snd_seq_port_info_get_capability;
  snd_seq_open;
  snd_seq_set_client_name;
  snd_seq_close;
  snd_seq_create_simple_port;
  snd_seq_client_id;
  snd_seq_port_subscribe_set_sender;
  snd_seq_port_subscribe_set_dest;
  snd_seq_port_subscribe_set_time_update;
  snd_seq_port_subscribe_set_time_real;
  snd_seq_subscribe_port;
  snd_midi_event_new;
  snd_seq_port_subscribe_free;
  snd_seq_get_any_client_info;
  snd_seq_client_info_get_name;
  snd_seq_port_info_get_name;
  snd_seq_alloc_named_queue;
  snd_seq_queue_tempo_malloc;
  snd_seq_queue_tempo_sizeof;
  snd_seq_queue_tempo_set_tempo;
  snd_seq_queue_tempo_set_ppq;
  snd_seq_set_queue_tempo;
  snd_seq_drain_output;
  snd_seq_queue_tempo_free;
  snd_seq_port_info_sizeof;
  snd_seq_port_info_set_capability;
  snd_seq_port_info_set_type;
  snd_seq_port_info_set_midi_channels;
  snd_seq_port_info_set_timestamping;
  snd_seq_port_info_set_timestamp_real;
  snd_seq_port_info_set_timestamp_queue;
  snd_seq_port_info_set_name;
  snd_seq_create_port;
  snd_seq_control_queue;
  snd_midi_event_no_status;
  snd_seq_poll_descriptors_count;
  snd_seq_poll_descriptors;
  snd_seq_event_input_pending;
  snd_seq_event_input;
  snd_midi_event_decode;
  snd_midi_event_free;
  snd_seq_port_subscribe_get_sender;
  snd_seq_port_subscribe_get_dest;
  snd_seq_unsubscribe_port;
  snd_seq_delete_port;
  snd_seq_free_queue;
  snd_midi_event_resize_buffer;
  snd_midi_event_encode;
  snd_seq_event_output_direct;
};
